[1/5] Building CXX object CMakeFiles\mira_echo_server.dir\examples\echo_server.cpp.obj
FAILED: [code=2] CMakeFiles/mira_echo_server.dir/examples/echo_server.cpp.obj 
D:\worksoft\VS2026\VC\Tools\MSVC\14.51.36231\bin\Hostx64\x64\cl.exe  /nologo /TP -DNOMINMAX -DWIN32_LEAN_AND_MEAN -ID:\Coding\Mira\modules\transport\include -ID:\Coding\Mira\modules\core\include -ID:\Coding\Mira\build\modules\core\generated /DWIN32 /D_WINDOWS /EHsc /Zi /Ob0 /Od /RTC1 -std:c++latest -MDd /W4 /permissive- /utf-8 /WX /showIncludes /FoCMakeFiles\mira_echo_server.dir\examples\echo_server.cpp.obj /FdCMakeFiles\mira_echo_server.dir\ /FS -c D:\Coding\Mira\examples\echo_server.cpp
D:\Coding\Mira\examples\echo_server.cpp(38): error C2653: “mira”: 不是类或命名空间名称
D:\Coding\Mira\examples\echo_server.cpp(38): error C2873: “EventLoop”: 符号不能用在 using 声明中
D:\Coding\Mira\examples\echo_server.cpp(38): error C2065: “mira”: 未声明的标识符
D:\Coding\Mira\examples\echo_server.cpp(39): error C2653: “mira”: 不是类或命名空间名称
D:\Coding\Mira\examples\echo_server.cpp(39): error C2873: “Errc”: 符号不能用在 using 声明中
D:\Coding\Mira\examples\echo_server.cpp(39): error C2065: “mira”: 未声明的标识符
D:\Coding\Mira\examples\echo_server.cpp(40): error C2653: “mira”: 不是类或命名空间名称
D:\Coding\Mira\examples\echo_server.cpp(40): error C2873: “Result”: 符号不能用在 using 声明中
D:\Coding\Mira\examples\echo_server.cpp(40): error C2065: “mira”: 未声明的标识符
D:\Coding\Mira\examples\echo_server.cpp(41): error C2653: “mira”: 不是类或命名空间名称
D:\Coding\Mira\examples\echo_server.cpp(41): error C2873: “Task”: 符号不能用在 using 声明中
D:\Coding\Mira\examples\echo_server.cpp(41): error C2065: “mira”: 未声明的标识符
D:\Coding\Mira\examples\echo_server.cpp(42): error C2653: “mira”: 不是类或命名空间名称
D:\Coding\Mira\examples\echo_server.cpp(42): error C2873: “TaskScope”: 符号不能用在 using 声明中
D:\Coding\Mira\examples\echo_server.cpp(42): error C2065: “mira”: 未声明的标识符
D:\Coding\Mira\examples\echo_server.cpp(43): error C2653: “mira”: 不是类或命名空间名称
D:\Coding\Mira\examples\echo_server.cpp(43): error C2873: “Endpoint”: 符号不能用在 using 声明中
D:\Coding\Mira\examples\echo_server.cpp(43): error C2065: “mira”: 未声明的标识符
D:\Coding\Mira\examples\echo_server.cpp(44): error C2653: “mira”: 不是类或命名空间名称
D:\Coding\Mira\examples\echo_server.cpp(44): error C2878: “tcp”: 该名称的命名空间或类不存在
D:\Coding\Mira\examples\echo_server.cpp(62): error C7568: 假定的函数模板“Task”后面缺少参数列表
D:\Coding\Mira\examples\echo_server.cpp(62): error C2653: “tcp”: 不是类或命名空间名称
D:\Coding\Mira\examples\echo_server.cpp(62): error C2065: “Socket”: 未声明的标识符
D:\Coding\Mira\examples\echo_server.cpp(62): error C2146: 语法错误: 缺少“)”(在标识符“socket”的前面)
D:\Coding\Mira\examples\echo_server.cpp(62): error C2143: 语法错误: 缺少“;”(在“{”的前面)
D:\Coding\Mira\examples\echo_server.cpp(62): error C2447: “{”: 缺少函数标题(是否是老式的形式表?)
D:\Coding\Mira\examples\echo_server.cpp(87): error C7568: 假定的函数模板“Task”后面缺少参数列表
D:\Coding\Mira\examples\echo_server.cpp(87): error C2653: “tcp”: 不是类或命名空间名称
D:\Coding\Mira\examples\echo_server.cpp(87): error C2065: “Listener”: 未声明的标识符
D:\Coding\Mira\examples\echo_server.cpp(87): error C2065: “listener”: 未声明的标识符
D:\Coding\Mira\examples\echo_server.cpp(87): error C2275: “size_t”: 应为表达式而不是类型
D:\Coding\Mira\examples\echo_server.cpp(87): error C2146: 语法错误: 缺少“)”(在标识符“limit”的前面)
D:\Coding\Mira\examples\echo_server.cpp(87): error C2143: 语法错误: 缺少“;”(在“{”的前面)
D:\Coding\Mira\examples\echo_server.cpp(87): error C2447: “{”: 缺少函数标题(是否是老式的形式表?)
D:\Coding\Mira\examples\echo_server.cpp(132): error C2065: “EventLoop”: 未声明的标识符
D:\Coding\Mira\examples\echo_server.cpp(132): error C7568: 假定的函数模板“Result”后面缺少参数列表
D:\Coding\Mira\examples\echo_server.cpp(132): error C2653: “EventLoop”: 不是类或命名空间名称
D:\Coding\Mira\examples\echo_server.cpp(132): error C3861: “create”: 找不到标识符
D:\Coding\Mira\examples\echo_server.cpp(134): warning C4473: “fprintf”: 没有为格式字符串传递足够的参数
D:\Coding\Mira\examples\echo_server.cpp(134): note: 占位符和其参数预计 1 可变参数，但提供的却是 0 参数
D:\Coding\Mira\examples\echo_server.cpp(134): note: 缺失的可变参数 1 为格式字符串“%s”所需
D:\Coding\Mira\examples\echo_server.cpp(137): error C2065: “EventLoop”: 未声明的标识符
D:\Coding\Mira\examples\echo_server.cpp(137): error C2065: “loop”: 未声明的标识符
D:\Coding\Mira\examples\echo_server.cpp(141): error C2065: “tcp”: 未声明的标识符
D:\Coding\Mira\examples\echo_server.cpp(141): error C2653: “tcp”: 不是类或命名空间名称
D:\Coding\Mira\examples\echo_server.cpp(141): error C2065: “Listener”: 未声明的标识符
D:\Coding\Mira\examples\echo_server.cpp(141): error C7568: 假定的函数模板“Result”后面缺少参数列表
D:\Coding\Mira\examples\echo_server.cpp(141): error C2653: “tcp”: 不是类或命名空间名称
D:\Coding\Mira\examples\echo_server.cpp(141): error C2065: “loop”: 未声明的标识符
D:\Coding\Mira\examples\echo_server.cpp(141): error C2653: “Endpoint”: 不是类或命名空间名称
D:\Coding\Mira\examples\echo_server.cpp(141): error C3861: “loopback”: 找不到标识符
D:\Coding\Mira\examples\echo_server.cpp(141): error C3861: “bind”: 找不到标识符
D:\Coding\Mira\examples\echo_server.cpp(143): warning C4473: “fprintf”: 没有为格式字符串传递足够的参数
D:\Coding\Mira\examples\echo_server.cpp(143): note: 占位符和其参数预计 1 可变参数，但提供的却是 0 参数
D:\Coding\Mira\examples\echo_server.cpp(143): note: 缺失的可变参数 1 为格式字符串“%s”所需
D:\Coding\Mira\examples\echo_server.cpp(147): warning C4473: “printf”: 没有为格式字符串传递足够的参数
D:\Coding\Mira\examples\echo_server.cpp(147): note: 占位符和其参数预计 1 可变参数，但提供的却是 0 参数
D:\Coding\Mira\examples\echo_server.cpp(147): note: 缺失的可变参数 1 为格式字符串“%s”所需
D:\Coding\Mira\examples\echo_server.cpp(151): error C7568: 假定的函数模板“Result”后面缺少参数列表
D:\Coding\Mira\examples\echo_server.cpp(151): error C4430: 缺少类型说明符 - 假定为 int。注意: C++ 不支持默认 int
D:\Coding\Mira\examples\echo_server.cpp(151): error C2062: 意外的类型“<错误>” 
D:\Coding\Mira\examples\echo_server.cpp(152): error C2065: “ran”: 未声明的标识符
D:\Coding\Mira\examples\echo_server.cpp(153): error C2065: “ran”: 未声明的标识符
D:\Coding\Mira\examples\echo_server.cpp(153): warning C4473: “fprintf”: 没有为格式字符串传递足够的参数
D:\Coding\Mira\examples\echo_server.cpp(153): note: 占位符和其参数预计 1 可变参数，但提供的却是 0 参数
D:\Coding\Mira\examples\echo_server.cpp(153): note: 缺失的可变参数 1 为格式字符串“%s”所需
ninja: build stopped: subcommand failed.
